/Users/nancy/fandhe/library/fandhe-db/scripts/crossdb_bench/redis_db.py:327: UserWarning: HybridSearchQuery is an experimental and may change or be removed in future versions.
  sq = HybridSearchQuery(f"(@visibility:{{public}}) @body:({terms})")
/Users/nancy/fandhe/library/fandhe-db/scripts/crossdb_bench/redis_db.py:333: UserWarning: HybridFilter is an experimental and may change or be removed in future versions.
  filter=HybridFilter("@visibility:{public}"),
/Users/nancy/fandhe/library/fandhe-db/scripts/crossdb_bench/redis_db.py:328: UserWarning: HybridVsimQuery is an experimental and may change or be removed in future versions.
  vq = HybridVsimQuery(
/Users/nancy/fandhe/library/fandhe-db/scripts/crossdb_bench/redis_db.py:336: UserWarning: CombineResultsMethod is an experimental and may change or be removed in future versions.
  combine = CombineResultsMethod(CombinationMethods.RRF, WINDOW=_hybrid_window(50))
/Users/nancy/fandhe/library/fandhe-db/scripts/crossdb_bench/redis_db.py:337: UserWarning: HybridPostProcessingConfig is an experimental and may change or be removed in future versions.
  pp = HybridPostProcessingConfig().load("@id").limit(0, 10)
/Users/nancy/crossdb-20261009/venv/lib/python3.14/site-packages/redis/utils.py:463: UserWarning: Call to experimental method hybrid_search. Be aware that the function arguments can change or be removed in future versions.
  warn_experimental(func.__name__, stacklevel=2)
/Users/nancy/fandhe/library/fandhe-db/scripts/crossdb_bench/redis_db.py:388: UserWarning: HybridSearchQuery is an experimental and may change or be removed in future versions.
  sq = HybridSearchQuery(f"(@visibility:{{public}}) @body:({terms})")
/Users/nancy/fandhe/library/fandhe-db/scripts/crossdb_bench/redis_db.py:394: UserWarning: HybridFilter is an experimental and may change or be removed in future versions.
  filter=HybridFilter("@visibility:{public}"),
/Users/nancy/fandhe/library/fandhe-db/scripts/crossdb_bench/redis_db.py:389: UserWarning: HybridVsimQuery is an experimental and may change or be removed in future versions.
  vq = HybridVsimQuery(
/Users/nancy/fandhe/library/fandhe-db/scripts/crossdb_bench/redis_db.py:397: UserWarning: CombineResultsMethod is an experimental and may change or be removed in future versions.
  combine = CombineResultsMethod(CombinationMethods.RRF, WINDOW=200)
/Users/nancy/fandhe/library/fandhe-db/scripts/crossdb_bench/redis_db.py:398: UserWarning: HybridPostProcessingConfig is an experimental and may change or be removed in future versions.
  pp = HybridPostProcessingConfig().load("@id", "@body").limit(0, 200)
wrote: /Users/nancy/crossdb-20261009/results/20261009T140039Z-round2/redis_hnsw.json
